10:51:27 **** Incremental Build of configuration Debug for project PC13_BLINKY ****
make -j8 all 
arm-none-eabi-size  PC13_BLINKY.elf 
   text	   data	    bss	    dec	    hex	filename
     96	      0	   1568	   1664	    680	PC13_BLINKY.elf
Finished building: default.size.stdout
 
10:51:32 **** Incremental Build of configuration Debug for project PC13_BLINKY ****
make -j8 all 
arm-none-eabi-size  PC13_BLINKY.elf 
   text	   data	    bss	    dec	    hex	filename
     96	      0	   1568	   1664	    680	PC13_BLINKY.elf
Finished building: default.size.stdout
 
